node.exe : FAIL src/_
_tests__/finance-util
s.test.ts
At C:\nvm4w\nodejs\np
x.ps1:16 char:5
+     & 
"$basedir/node$exe"  
"$basedir/node_module
s/npm/bin/npx-cli.js"
 ...
+     ~~~~~~~~~~~~~~~
~~~~~~~~~~~~~~~~~~~~~
~~~~~~~~~~~~~~~~~~~~~
~~~~~~~~
    + CategoryInfo   
           : NotSpe  
  cified: (FAIL sr   
 c/__tests__/fina    
nce-utils.test.t    
s:String) [], Re    
moteException
    + FullyQualified 
   ErrorId : Native  
  CommandError
 
  Financial Utils
    calculateProjecte
dReturns
      ├ù calculates 
compound interest 
correctly for lump 
sum (5 ms)
      ├ù calculates 
returns with monthly 
contributions (1 ms)
      ├ù handles 
zero interest rate 
(1 ms)
    calculateVolatili
tyRange
      ├ù calculates 
range based on 
factor (1 ms)

  ΓùÅ Financial 
Utils ΓÇ║ calculatePr
ojectedReturns ΓÇ║ 
calculates compound 
interest correctly 
for lump sum

    Function not 
implemented.

    [0m [90m 51 
|[39m })[33m;[39m
     [90m 52 |[39m 
[36mfunction[39m ex
pect(result[33m:[39
m number) {
    [31m[1m>[22m[
39m[90m 53 |[39m   
  [36mthrow[39m 
[36mnew[39m [33mEr
ror[39m([32m'Functi
on not implemented.'
[39m)[33m;[39m
     [90m    |[39m 
          
[31m[1m^[22m[39m
     [90m 54 |[39m 
}
     [90m 55 |[39m
     [90m 56 
|[39m[0m

      at expect (src/
__tests__/finance-uti
ls.test.ts:53:11)
      at 
Object.<anonymous> (s
rc/__tests__/finance-
utils.test.ts:16:13)

  ΓùÅ Financial 
Utils ΓÇ║ calculatePr
ojectedReturns ΓÇ║ 
calculates returns 
with monthly 
contributions

    Function not 
implemented.

    [0m [90m 51 
|[39m })[33m;[39m
     [90m 52 |[39m 
[36mfunction[39m ex
pect(result[33m:[39
m number) {
    [31m[1m>[22m[
39m[90m 53 |[39m   
  [36mthrow[39m 
[36mnew[39m [33mEr
ror[39m([32m'Functi
on not implemented.'
[39m)[33m;[39m
     [90m    |[39m 
          
[31m[1m^[22m[39m
     [90m 54 |[39m 
}
     [90m 55 |[39m
     [90m 56 
|[39m[0m

      at expect (src/
__tests__/finance-uti
ls.test.ts:53:11)
      at 
Object.<anonymous> (s
rc/__tests__/finance-
utils.test.ts:28:13)

  ΓùÅ Financial 
Utils ΓÇ║ calculatePr
ojectedReturns ΓÇ║ 
handles zero 
interest rate

    Function not 
implemented.

    [0m [90m 51 
|[39m })[33m;[39m
     [90m 52 |[39m 
[36mfunction[39m ex
pect(result[33m:[39
m number) {
    [31m[1m>[22m[
39m[90m 53 |[39m   
  [36mthrow[39m 
[36mnew[39m [33mEr
ror[39m([32m'Functi
on not implemented.'
[39m)[33m;[39m
     [90m    |[39m 
          
[31m[1m^[22m[39m
     [90m 54 |[39m 
}
     [90m 55 |[39m
     [90m 56 
|[39m[0m

      at expect (src/
__tests__/finance-uti
ls.test.ts:53:11)
      at 
Object.<anonymous> (s
rc/__tests__/finance-
utils.test.ts:40:13)

  ΓùÅ Financial 
Utils ΓÇ║ calculateVo
latilityRange ΓÇ║ 
calculates range 
based on factor

    Function not 
implemented.

    [0m [90m 51 
|[39m })[33m;[39m
     [90m 52 |[39m 
[36mfunction[39m ex
pect(result[33m:[39
m number) {
    [31m[1m>[22m[
39m[90m 53 |[39m   
  [36mthrow[39m 
[36mnew[39m [33mEr
ror[39m([32m'Functi
on not implemented.'
[39m)[33m;[39m
     [90m    |[39m 
          
[31m[1m^[22m[39m
     [90m 54 |[39m 
}
     [90m 55 |[39m
     [90m 56 
|[39m[0m

      at expect (src/
__tests__/finance-uti
ls.test.ts:53:11)
      at 
Object.<anonymous> (s
rc/__tests__/finance-
utils.test.ts:47:13)

Test Suites: 1 
failed, 1 total
Tests:       4 
failed, 4 total
Snapshots:   0 total
Time:        4.636 s
Ran all test suites 
matching /src\\__test
s__\\finance-utils.te
st.ts/i.
